// Jest Snapshot v1, https://goo.gl/fbAQLP

exports[`TypeWriter renders correctly 1`] = `
<div>
  <span
    class=""
    style="animation: typing 0.5s steps(40, end);"
  >
    |
  </span>
</div>
`;
